{'train': 16368, 'test_pos': 2888, 'inner': 13913, 'val_pos': 2455, 'test_neg_uniform': 2888, 'test_neg_degree': 2888, 'val_neg': 2455, 'naive_neg': 16368} | nodes 3425 | edges 19256
negatives                 regime                    method    auc  auc_sd     ap  p@npos  p@npos_sd  p@100  p@1000
   degree                G_train               adamic_adar 0.9220  0.0032 0.9064  0.8458     0.0054  0.976  0.9540
   degree                G_train         common_neighbours 0.9114  0.0035 0.8900  0.8310     0.0052  0.978  0.9450
   degree                G_train                   jaccard 0.9300  0.0027 0.9132  0.8594     0.0027  0.968  0.9500
   degree                G_train           pref_attachment 0.6996  0.0048 0.6665  0.6433     0.0057  0.814  0.7040
   degree                G_train       resource_allocation 0.9370  0.0022 0.9234  0.8682     0.0044  0.970  0.9608
   degree                lat/lon         geo_distance(-km) 0.8969  0.0038 0.8688  0.8359     0.0032  0.888  0.9190
   degree matched: feats G_inner HistGradBoost(structural) 0.9095  0.0048 0.8868  0.8398     0.0120  0.936  0.9248
   degree matched: feats G_inner        LogReg(structural) 0.9111  0.0057 0.9001  0.8312     0.0077  0.974  0.9534
   degree matched: feats G_inner  RandomForest(structural) 0.9121  0.0078 0.8835  0.8487     0.0100  0.920  0.9132
   degree shifted: feats G_train HistGradBoost(structural) 0.9090  0.0100 0.8805  0.8421     0.0167  0.940  0.9106
   degree shifted: feats G_train        LogReg(structural) 0.9162  0.0063 0.9035  0.8375     0.0102  0.972  0.9534
   degree shifted: feats G_train  RandomForest(structural) 0.9121  0.0098 0.8756  0.8479     0.0167  0.914  0.8976
  uniform                G_train               adamic_adar 0.9899  0.0007 0.9898  0.9711     0.0013  1.000  0.9996
  uniform                G_train         common_neighbours 0.9893  0.0006 0.9882  0.9679     0.0022  1.000  0.9994
  uniform                G_train                   jaccard 0.9785  0.0009 0.9601  0.9623     0.0031  0.896  0.9752
  uniform                G_train           pref_attachment 0.9779  0.0011 0.9764  0.9271     0.0015  0.996  0.9954
  uniform                G_train       resource_allocation 0.9898  0.0008 0.9895  0.9711     0.0015  1.000  0.9988
  uniform                lat/lon         geo_distance(-km) 0.9044  0.0024 0.8913  0.8318     0.0041  0.926  0.9394
  uniform matched: feats G_inner HistGradBoost(structural) 0.9934  0.0006 0.9934  0.9667     0.0021  1.000  0.9992
  uniform matched: feats G_inner        LogReg(structural) 0.9942  0.0006 0.9942  0.9677     0.0012  1.000  0.9998
  uniform matched: feats G_inner  RandomForest(structural) 0.9935  0.0007 0.9930  0.9676     0.0006  0.998  0.9988
  uniform shifted: feats G_train HistGradBoost(structural) 0.9945  0.0007 0.9943  0.9697     0.0009  1.000  0.9990
  uniform shifted: feats G_train        LogReg(structural) 0.9953  0.0006 0.9952  0.9717     0.0013  1.000  0.9998
  uniform shifted: feats G_train  RandomForest(structural) 0.9944  0.0007 0.9933  0.9720     0.0017  1.000  0.9972
